Copyright 1986-2018 Xilinx, Inc. All Rights Reserved.
-----------------------------------------------------------------------------------------
| Tool Version : Vivado v.2018.2 (win64) Build 2258646 Thu Jun 14 20:03:12 MDT 2018
| Date         : Fri Mar 31 21:23:07 2023
| Host         : LAPTOP-MBJHTN7L running 64-bit major release  (build 9200)
| Command      : report_control_sets -verbose -file Top_Student2_control_sets_placed.rpt
| Design       : Top_Student2
| Device       : xc7a35t
-----------------------------------------------------------------------------------------

Control Set Information

Table of Contents
-----------------
1. Summary
2. Histogram
3. Flip-Flop Distribution
4. Detailed Control Set Information

1. Summary
----------

+----------------------------------------------------------+-------+
|                          Status                          | Count |
+----------------------------------------------------------+-------+
| Number of unique control sets                            |   110 |
| Unused register locations in slices containing registers |   260 |
+----------------------------------------------------------+-------+


2. Histogram
------------

+--------+--------------+
| Fanout | Control Sets |
+--------+--------------+
|      2 |            3 |
|      4 |            1 |
|      6 |            1 |
|      8 |            6 |
|     10 |            3 |
|     12 |            1 |
|     14 |            2 |
|    16+ |           93 |
+--------+--------------+


3. Flip-Flop Distribution
-------------------------

+--------------+-----------------------+------------------------+-----------------+--------------+
| Clock Enable | Synchronous Set/Reset | Asynchronous Set/Reset | Total Registers | Total Slices |
+--------------+-----------------------+------------------------+-----------------+--------------+
| No           | No                    | No                     |            1394 |          394 |
| No           | No                    | Yes                    |              64 |            8 |
| No           | Yes                   | No                     |            1904 |          260 |
| Yes          | No                    | No                     |             826 |          184 |
| Yes          | No                    | Yes                    |               0 |            0 |
| Yes          | Yes                   | No                     |            1112 |          163 |
+--------------+-----------------------+------------------------+-----------------+--------------+


4. Detailed Control Set Information
-----------------------------------

+----------------------------------------------+---------------------------------------------------------+---------------------------------------------------------+------------------+----------------+
|                 Clock Signal                 |                      Enable Signal                      |                     Set/Reset Signal                    | Slice Load Count | Bel Load Count |
+----------------------------------------------+---------------------------------------------------------+---------------------------------------------------------+------------------+----------------+
|  audioout/clock50MHz/SLOW_CLOCK              |                                                         |                                                         |                1 |              2 |
|  CLOCK_IBUF_BUFG                             | menu/led15                                              | menu/led15_reg                                          |                1 |              2 |
| ~clk_6p25Hz_BUFG                             |                                                         |                                                         |                1 |              2 |
|  audioout/audioout/CLK                       | audioout/audioout/FSM_onehot_current_state_reg_n_2_[1]  |                                                         |                2 |              4 |
|  audioout/audioout/CLK                       | audioout/audioout/FSM_onehot_current_state[3]_i_1_n_2   |                                                         |                1 |              6 |
|  clk_6p25Hz_BUFG                             |                                                         | mouse/m1/Inst_Ps2Interface/clk_inter0                   |                1 |              8 |
|  CLOCK_IBUF_BUFG                             | play/count_sec                                          |                                                         |                1 |              8 |
|  CLOCK_IBUF_BUFG                             | rejectPass/toneState0                                   | oledDisplayer/SR[0]                                     |                1 |              8 |
|  CLOCK_IBUF_BUFG                             | oledDisplayer/E[0]                                      |                                                         |                3 |              8 |
|  clk_6p25Hz_BUFG                             | mouse/m1/Inst_Ps2Interface/shift_frame                  | mouse/m1/Inst_Ps2Interface/reset_bit_count              |                2 |              8 |
|  clk_6p25Hz_BUFG                             |                                                         | mouse/m1/Inst_Ps2Interface/data_inter0                  |                1 |              8 |
|  CLOCK_IBUF_BUFG                             | fp/E[0]                                                 |                                                         |                5 |             10 |
|  CLOCK_IBUF_BUFG                             | menu/ascii_RM[4]_i_1_n_2                                |                                                         |                3 |             10 |
|  CLOCK_IBUF_BUFG                             | play/number_of_rounds                                   |                                                         |                2 |             10 |
|  CLOCK_IBUF_BUFG                             | menu/ascii_LM[6]_i_1_n_2                                |                                                         |                4 |             12 |
|  clk_6p25Hz_BUFG                             | mouse/m1/Inst_Ps2Interface/delay_63clk_count[6]_i_2_n_2 | mouse/m1/Inst_Ps2Interface/delay_63clk_count[6]_i_1_n_2 |                2 |             14 |
|  clk_6p25Hz_BUFG                             | mouse/m1/Inst_Ps2Interface/y_sign_reg                   | mouse/m1/middle_down_i_1_n_2                            |                1 |             14 |
|  CLOCK_IBUF_BUFG                             |                                                         | menu/segGm_reg                                          |                4 |             16 |
|  clk_6p25Hz_BUFG                             | mouse/m1/Inst_Ps2Interface/load_rx_data                 |                                                         |                3 |             16 |
|  redShifter/pos_R_shift_reg[7]_i_2_n_2       |                                                         |                                                         |                3 |             16 |
|  redShifter/neg_R_shift_reg[7]_i_2_n_2       |                                                         |                                                         |                3 |             16 |
|  clk_6p25Hz_BUFG                             | mouse/m1/Inst_Ps2Interface/x_inc_reg[0]                 | mouse/m1/x_inc[7]_i_1_n_2                               |                2 |             16 |
|  clk_6p25Hz_BUFG                             | mouse/m1/write_data_1                                   |                                                         |                3 |             16 |
|  menu/oled_data_reg[9]_3[0]                  |                                                         |                                                         |                3 |             16 |
|  menu/oled_data_reg[9]_4[0]                  |                                                         |                                                         |                3 |             16 |
|  CLOCK_IBUF_BUFG                             | menu/ascii_L                                            |                                                         |                5 |             16 |
|  CLOCK_IBUF_BUFG                             | menu/led15                                              |                                                         |                8 |             16 |
|  clk_6p25Hz_BUFG                             | mouse/m1/Inst_Ps2Interface/y_inc_reg[0]                 | mouse/m1/y_inc[5]_i_1_n_2                               |                3 |             16 |
|  audioout/audioout/CLK                       | audioout/audioout/FSM_onehot_current_state_reg_n_2_[1]  | audioout/audioout/FSM_onehot_current_state_reg_n_2_[0]  |                2 |             18 |
|  CLOCK_IBUF_BUFG                             | menu/state[8]_i_1_n_2                                   |                                                         |                5 |             18 |
|  CLOCK_IBUF_BUFG                             | menu/seg8_r_reg_0                                       | oledFunc/seg0_r_reg_2                                   |                3 |             18 |
|  CLOCK_IBUF_BUFG                             | menu/seg8_r_reg_0                                       | oledFunc/seg5_r_reg                                     |                3 |             18 |
|  CLOCK_IBUF_BUFG                             | menu/seg8_r_reg_0                                       | oledFunc/seg8_r_reg_0                                   |                4 |             18 |
|  CLOCK_IBUF_BUFG                             | fp/led_reg[8][0]                                        |                                                         |                4 |             18 |
|  CLOCK_IBUF_BUFG                             | menu/audioOut[8]_i_2_n_2                                | menu/audioOut[8]_i_1_n_2                                |                2 |             18 |
|  clk_6p25Hz_BUFG                             | mouse/m1/Inst_Ps2Interface/frame[9]_i_1_n_2             |                                                         |                2 |             20 |
|  clk_6p25Hz_BUFG                             | mouse/m1/Inst_Ps2Interface/delay_20us_count[10]_i_2_n_2 | mouse/m1/Inst_Ps2Interface/delay_20us_count[10]_i_1_n_2 |                3 |             22 |
|  audioout/audioout/CLK                       | audioout/audioout/temp2                                 |                                                         |                3 |             24 |
| ~fp/audio_input/CLK                          |                                                         |                                                         |                2 |             24 |
|  CLOCK_IBUF_BUFG                             |                                                         | J_MIC3_Pin1_OBUF_BUFG                                   |                3 |             24 |
|  CLOCK_IBUF_BUFG                             | main/keyCount1                                          | main/nolabel_line47/SR[0]                               |                3 |             24 |
|  J_MIC3_Pin1_OBUF_BUFG                       | fp/peak[11]_i_2_n_2                                     | fp/peak[11]_i_1_n_2                                     |                3 |             24 |
|  J_MIC3_Pin1_OBUF_BUFG                       |                                                         | fp/samples[0]_i_1_n_2                                   |                3 |             24 |
|  CLOCK_IBUF_BUFG                             | main/vol[0]_i_1_n_2                                     | main/keyCount[25]_i_1_n_2                               |                3 |             24 |
|  clk_6p25Hz_BUFG                             | mouse/m1/y_new_reg_n_2                                  |                                                         |                3 |             24 |
|  clk_6p25Hz_BUFG                             | mouse/m1/x_new_reg_n_2                                  |                                                         |                6 |             24 |
|  J_MIC3_Pin1_OBUF_BUFG                       |                                                         |                                                         |                4 |             26 |
|  clk_6p25Hz_BUFG                             | mouse/TLindex                                           | mouse/TLindex_reg[12]_0                                 |                7 |             26 |
|  clk_6p25Hz_BUFG                             | blurImager/BRindex                                      | mouse/BRindex_reg[0]                                    |                8 |             26 |
|  game_start/game_start_image_reg[15]_i_2_n_2 |                                                         |                                                         |                6 |             28 |
|  menu/clk_1KHZ/CLK                           |                                                         |                                                         |                5 |             28 |
|  clk_6p25Hz_BUFG                             | mouse/m1/Inst_Ps2Interface/delay_100us_count[0]_i_2_n_2 | mouse/m1/Inst_Ps2Interface/clear                        |                4 |             28 |
|  clk_6p25Hz_BUFG                             | menu/kernel_pixels                                      | blurImager/digit_L[3]_i_1_n_2                           |               11 |             32 |
|  CLOCK_IBUF_BUFG                             | n_1_16101_BUFG                                          |                                                         |               13 |             36 |
|  clk_6p25Hz_BUFG                             | menu/sumG_reg[6][0]                                     |                                                         |               11 |             36 |
| ~clk_6p25Hz_BUFG                             | oledFunc/delay[0]_i_1_n_2                               |                                                         |                5 |             40 |
|  CLOCK_IBUF_BUFG                             |                                                         | menu/clear                                              |                6 |             48 |
|  clk_6p25Hz_BUFG                             |                                                         | mouse/m1/reset_timeout_cnt                              |                5 |             48 |
|  J_MIC3_Pin1_OBUF_BUFG                       | fp/counter                                              |                                                         |               25 |             50 |
| ~clk_6p25Hz_BUFG                             |                                                         | oledFunc/frame_counter[16]_i_1_n_2                      |                6 |             50 |
|  CLOCK_IBUF_BUFG                             |                                                         | centrebtnImage/countOn[0]_i_1_n_2                       |                7 |             52 |
|  CLOCK_IBUF_BUFG                             |                                                         | btnL_IBUF                                               |                7 |             52 |
|  CLOCK_IBUF_BUFG                             |                                                         | btnR_IBUF                                               |                7 |             52 |
|  CLOCK_IBUF_BUFG                             |                                                         | btnU_IBUF                                               |                7 |             52 |
|  CLOCK_IBUF_BUFG                             |                                                         | btnC_IBUF                                               |                7 |             52 |
|  CLOCK_IBUF_BUFG                             |                                                         | rightbtnImage/countOn[0]_i_1__2_n_2                     |                7 |             52 |
|  CLOCK_IBUF_BUFG                             |                                                         | redBTNUP/countOn[0]_i_1__0_n_2                          |                7 |             52 |
|  clk_6p25Hz_BUFG                             |                                                         | mouse/m1/reset_periodic_check_cnt                       |                6 |             52 |
|  CLOCK_IBUF_BUFG                             |                                                         | btnD_IBUF                                               |                7 |             52 |
|  CLOCK_IBUF_BUFG                             |                                                         | redBTND/countOn[0]_i_1__1_n_2                           |                7 |             52 |
|  CLOCK_IBUF_BUFG                             |                                                         | leftbtnImage/countOn[0]_i_1__3_n_2                      |                7 |             52 |
|  CLOCK_IBUF_BUFG                             | audioOutBasic/p_1_in                                    | audioOutBasic/btnCount[30]_i_1_n_2                      |                8 |             56 |
|  lose_page/game_lose_image_reg[15]_i_2_n_2   |                                                         |                                                         |               19 |             62 |
|  CLOCK_IBUF_BUFG                             |                                                         | alarm/alarmStateCount[31]_i_1_n_2                       |                8 |             62 |
|  CLOCK_IBUF_BUFG                             | oledDisplayer/E[0]                                      | unlockSound/lowToneCount[31]_i_1__0_n_2                 |                8 |             62 |
|  CLOCK_IBUF_BUFG                             |                                                         | alarm/highToneCount[31]_i_1__1_n_2                      |                8 |             62 |
|  CLOCK_IBUF_BUFG                             | n_1_16101_BUFG                                          | play/count_sec                                          |                8 |             62 |
|  CLOCK_IBUF_BUFG                             |                                                         | alarm/lowToneCount[31]_i_1__2_n_2                       |                8 |             62 |
|  CLOCK_IBUF_BUFG                             |                                                         | audioOutBasic/highToneCount[31]_i_1__0_n_2              |                8 |             62 |
|  CLOCK_IBUF_BUFG                             |                                                         | audioOutBasic/lowToneCount[31]_i_1__1_n_2               |                8 |             62 |
|  CLOCK_IBUF_BUFG                             |                                                         | audioout/clock20kHz/COUNT[31]_i_1__0_n_2                |                8 |             62 |
|  CLOCK_IBUF_BUFG                             |                                                         | audioout/clock50MHz/COUNT[31]_i_1_n_2                   |                8 |             62 |
|  win_page/game_win_image_reg[15]_i_2_n_2     |                                                         |                                                         |               20 |             62 |
|  CLOCK_IBUF_BUFG                             | oledDisplayer/E[0]                                      | unlockSound/highToneCount[31]_i_1_n_2                   |                8 |             62 |
|  CLOCK_IBUF_BUFG                             | oledDisplayer/E[0]                                      | unlockSound/midToneCount[31]_i_1_n_2                    |                8 |             62 |
|  CLOCK_IBUF_BUFG                             | oledDisplayer/rejectUnlock                              | rejectPass/lowToneCount[31]_i_1_n_2                     |                8 |             62 |
|  CLOCK_IBUF_BUFG                             |                                                         | main/nolabel_line47/clear                               |                8 |             64 |
|  CLOCK_IBUF_BUFG                             |                                                         | oledDisplayer/counterReset[0]_i_1_n_2                   |                8 |             64 |
|  clk_6p25Hz_BUFG                             | menu/kernel_pixels                                      | blurImager/leftCounter                                  |                8 |             64 |
|  CLOCK_IBUF_BUFG                             | main/btnDcontrol/COUNT0                                 | main/btnDcontrol/COUNT[0]_i_1__0_n_2                    |                8 |             64 |
|  CLOCK_IBUF_BUFG                             | main/btnUcontrol/COUNT0                                 | main/btnUcontrol/COUNT[0]_i_1_n_2                       |                8 |             64 |
|  CLOCK_IBUF_BUFG                             |                                                         | oledDisplayer/SR[0]                                     |               13 |             64 |
|  CLOCK_IBUF_BUFG                             |                                                         | menu/clk_1KHZ/clear                                     |                8 |             64 |
|  CLOCK_IBUF_BUFG                             | groupTaskAudio/COUNT0_inferred__0/i__carry__2_n_2       | groupTaskAudio/COUNT[0]_i_1__3_n_2                      |                8 |             64 |
|  CLOCK_IBUF_BUFG                             |                                                         | groupTaskAudio/audio_380Hz/count[0]_i_1_n_2             |                8 |             64 |
|  CLOCK_IBUF_BUFG                             |                                                         | fp/clk20k/clear                                         |                8 |             64 |
|  reset_period                                |                                                         | fp/reset_value                                          |                8 |             64 |
|  CLOCK_IBUF_BUFG                             |                                                         | clk_6p25HzSource/count[0]_i_1__0_n_2                    |                8 |             64 |
| ~clk_6p25Hz_BUFG                             | oledFunc/state                                          |                                                         |                7 |             64 |
|  J_MIC3_Pin1_OBUF_BUFG                       |                                                         | fp/counter                                              |                9 |             66 |
|  CLOCK_IBUF_BUFG                             |                                                         | oledDisplayer/toneStateCount_reg[0][0]                  |               15 |             68 |
| ~menu/btnOut_reg_0_BUFG                      |                                                         |                                                         |               21 |             70 |
|  n_1_16101_BUFG                              |                                                         |                                                         |               17 |             70 |
| ~clk_6p25Hz_BUFG                             |                                                         | oledFunc/spi_word[39]_i_1_n_2                           |               14 |             90 |
|  CLOCK_IBUF_BUFG                             | main/asciiLM[6]_i_1_n_2                                 |                                                         |               15 |             94 |
|  CLOCK_IBUF_BUFG                             | main/keyCount1                                          | main/keyCount[25]_i_1_n_2                               |               15 |            116 |
|  clk_6p25Hz_BUFG                             | menu/kernel_pixels                                      |                                                         |               46 |            248 |
|  n_0_14519_BUFG                              |                                                         |                                                         |              117 |            282 |
|  clk_6p25Hz_BUFG                             |                                                         |                                                         |               56 |            290 |
|  CLOCK_IBUF_BUFG                             |                                                         |                                                         |              113 |            384 |
+----------------------------------------------+---------------------------------------------------------+---------------------------------------------------------+------------------+----------------+


